[03:44:33] [ServerMain/INFO]: Environment: Environment[sessionHost=https://sessionserver.mojang.com, servicesHost=https://api.minecraftservices.com, name=PROD]
[03:44:35] [ServerMain/INFO]: Loaded 1174 recipes
[03:44:36] [ServerMain/INFO]: Loaded 1271 advancements
[03:44:36] [Server thread/INFO]: Starting minecraft server version 1.20.4
[03:44:36] [Server thread/INFO]: Loading properties
[03:44:36] [Server thread/INFO]: This server is running Paper version git-Paper-497 (MC: 1.20.4) (Implementing API version 1.20.4-R0.1-SNAPSHOT) (Git: d8d54d9 on ver/1.20.4)
[03:44:37] [Server thread/INFO]: Server Ping Player Sample Count: 12
[03:44:37] [Server thread/INFO]: Using 4 threads for Netty based IO
[03:44:37] [Server thread/WARN]: [!] The timings profiler has been enabled but has been scheduled for removal from Paper in the future.
    We recommend installing the spark profiler as a replacement: https://spark.lucko.me/
    For more information please visit: https://github.com/PaperMC/Paper/issues/8948
[03:44:37] [Server thread/INFO]: [ChunkTaskScheduler] Chunk system is using 1 I/O threads, 1 worker threads, and gen parallelism of 1 threads
[03:44:37] [Server thread/INFO]: Default game type: SURVIVAL
[03:44:37] [Server thread/INFO]: Generating keypair
[03:44:38] [Server thread/INFO]: Starting Minecraft server on *:25565
[03:44:38] [Server thread/INFO]: Using epoll channel type
[03:44:38] [Server thread/INFO]: Paper: Using libdeflate (Linux x86_64) compression from Velocity.
[03:44:38] [Server thread/INFO]: Paper: Using OpenSSL 1.1.x (Linux x86_64) cipher from Velocity.
[03:44:38] [Server thread/INFO]: Server permissions file permissions.yml is empty, ignoring it
[03:44:38] [Server thread/WARN]: **** SERVER IS RUNNING IN OFFLINE/INSECURE MODE!
[03:44:38] [Server thread/WARN]: The server will make no attempt to authenticate usernames. Beware.
[03:44:38] [Server thread/WARN]: While this makes the game possible to play without internet access, it also opens up the ability for hackers to connect with any username they choose.
[03:44:38] [Server thread/WARN]: To change this, set "online-mode" to "true" in the server.properties file.
[03:44:38] [Server thread/INFO]: Preparing level "world"
[03:44:38] [Server thread/INFO]: Preparing start region for dimension minecraft:overworld
[03:44:40] [Server thread/INFO]: Time elapsed: 1567 ms
[03:44:40] [Server thread/INFO]: Preparing start region for dimension minecraft:the_nether
[03:44:40] [Server thread/INFO]: Time elapsed: 82 ms
[03:44:40] [Server thread/INFO]: Preparing start region for dimension minecraft:the_end
[03:44:40] [Server thread/INFO]: Time elapsed: 67 ms
[03:44:40] [Server thread/INFO]: Running delayed init tasks
[03:44:40] [Server thread/INFO]: Done (4.131s)! For help, type "help"
[03:44:40] [Server thread/INFO]: Timings Reset
[03:45:00] [User Authenticator #0/INFO]: UUID of player JuanviSpanish is b5af2765-f939-308b-86de-238f8531a385
[03:45:02] [Server thread/INFO]: JuanviSpanish joined the game
[03:45:02] [Server thread/INFO]: JuanviSpanish[/127.45.106.168:60177] logged in with entity id 135 at ([world]-705.8960588386691, 74.0, -562.5739033580413)
